TASK 2 RENAMED [Healthcare]: 01_patient_triage_chat.md -> 02_patient_triage_chat.md
TASK 2 RENAMED [Healthcare]: 02_clinical_documentation.md -> 03_clinical_documentation.md
TASK 2 RENAMED [Healthcare]: 03_medical_coding.md -> 04_medical_coding.md
TASK 2 RENAMED [Healthcare]: 04_radiology_ai.md -> 05_radiology_ai.md
TASK 2 RENAMED [Healthcare]: 05_bed_optimization.md -> 06_bed_optimization.md
TASK 2 RENAMED [Healthcare]: 06_pharmacy_automation.md -> 07_pharmacy_automation.md
TASK 2 RENAMED [Healthcare]: 07_emergency_triage.md -> 08_emergency_triage.md
TASK 2 RENAMED [Healthcare]: 08_insurance_claims.md -> 09_insurance_claims.md
TASK 2 RENAMED [Healthcare]: 09_clinical_decision.md -> 10_clinical_decision.md
TASK 2 RENAMED [Healthcare]: 10_lab_automation.md -> 11_lab_automation.md
TASK 2 RENAMED [Healthcare]: 11_hospital_bed_prediction.md -> 12_hospital_bed_prediction.md
TASK 2 RENAMED [Healthcare]: 12_icu_capacity_planning.md -> 13_icu_capacity_planning.md
TASK 2 RENAMED [Healthcare]: 13_medical_imaging_ai.md -> 14_medical_imaging_ai.md
TASK 2 RENAMED [Healthcare]: 14_clinical_decision_support.md -> 15_clinical_decision_support.md
TASK 2 RENAMED [Healthcare]: 15_hospital_resource_optimization.md -> 16_hospital_resource_optimization.md
TASK 2 RENAMED [Healthcare]: 16_patient_flow_prediction.md -> 17_patient_flow_prediction.md
TASK 2 RENAMED [Healthcare]: 17_insurance_authorization_automation.md -> 18_insurance_authorization_automation.md
TASK 2 RENAMED [Healthcare]: 18_medical_inventory_optimization.md -> 19_medical_inventory_optimization.md
TASK 2 RENAMED [Healthcare]: 19_surgery_scheduling.md -> 20_surgery_scheduling.md
TASK 2 RENAMED [Healthcare]: 20_ai_hospital_operations_center.md -> 21_ai_hospital_operations_center.md
TASK 2 RENAMED [Manufacturing]: 05_energy_optimization.md -> 06_energy_optimization.md
TASK 2 RENAMED [Manufacturing]: 06_worker_safety.md -> 07_worker_safety.md
TASK 2 RENAMED [Manufacturing]: 07_supply_chain_ai.md -> 08_supply_chain_ai.md
TASK 2 RENAMED [Manufacturing]: 07_supply_chain_optimization.md -> 09_supply_chain_optimization.md
TASK 2 RENAMED [Manufacturing]: 08_energy_management.md -> 10_energy_management.md
TASK 2 RENAMED [Manufacturing]: 09_machine_monitoring.md -> 11_machine_monitoring.md
TASK 2 RENAMED [Manufacturing]: 09_machine_vision.md -> 12_machine_vision.md
TASK 2 RENAMED [Manufacturing]: 10_asset_monitoring.md -> 13_asset_monitoring.md
TASK 2 RENAMED [Manufacturing]: 10_robotic_process_automation.md -> 14_robotic_process_automation.md
TASK 2 RENAMED [Manufacturing]: 11_factory_digital_twin.md -> 15_factory_digital_twin.md
TASK 2 RENAMED [Manufacturing]: 12_smart_quality_inspection.md -> 16_smart_quality_inspection.md
TASK 2 RENAMED [Manufacturing]: 13_machine_vision.md -> 17_machine_vision.md
TASK 2 RENAMED [Manufacturing]: 14_ai_production_scheduling.md -> 18_ai_production_scheduling.md
TASK 2 RENAMED [Manufacturing]: 15_asset_health_monitoring.md -> 19_asset_health_monitoring.md
TASK 2 RENAMED [Manufacturing]: 16_robotics_optimization.md -> 20_robotics_optimization.md
TASK 2 RENAMED [Manufacturing]: 17_factory_energy_optimization.md -> 21_factory_energy_optimization.md
TASK 2 RENAMED [Manufacturing]: 18_predictive_yield_analytics.md -> 22_predictive_yield_analytics.md
TASK 2 RENAMED [Manufacturing]: 19_industrial_safety_monitoring.md -> 23_industrial_safety_monitoring.md
TASK 2 RENAMED [Manufacturing]: 20_autonomous_factory_operations.md -> 24_autonomous_factory_operations.md